2026-08-25 04:58:03.869: [INFO] CurrentProfilePath: C:\Users\ethma\Documents\Ethan_work\home\Ethan_codes\Backdrop\build\Debug\Backdrop.exe.WebView2\EBWebView\Default
2026-08-25 04:58:03.869: [INFO] Profiles total count: 1
2026-08-25 04:58:03.869: [INFO] Profile: name=Profile 1 path=C:\Users\ethma\Documents\Ethan_work\home\Ethan_codes\Backdrop\build\Debug\Backdrop.exe.WebView2\EBWebView\Default lastActive=null
2026-08-25 04:58:03.869: [INFO] LastUsedProfileDir: C:\Users\ethma\Documents\Ethan_work\home\Ethan_codes\Backdrop\build\Debug\Backdrop.exe.WebView2\EBWebView\Default
2026-08-25 04:58:03.869: [INFO] OnDoneLoading sync enabled: 0
2026-08-25 04:58:03.869: [INFO] BookmarkModelLoaded, ids_reassigned: 0
2026-08-25 04:58:03.869: [INFO] BookmarksLoadDropped droppedNodes=0
2026-08-25 04:58:03.869: [INFO] BookmarksSnapshot Startup total=0 bar=0 other=0 mobile=0 showBar=0 showBarNTP=1
2026-08-25 04:58:10.968: [INFO] BookmarksSnapshot Shutdown total=0 bar=0 other=0 mobile=0 showBar=0 showBarNTP=1
2026-08-25 15:38:53.475: [INFO] CurrentProfilePath: C:\Users\ethma\Documents\Ethan_work\home\Ethan_codes\Backdrop\build\Debug\Backdrop.exe.WebView2\EBWebView\Default
2026-08-25 15:38:53.475: [INFO] Profiles total count: 1
2026-08-25 15:38:53.475: [INFO] Profile: name=Profile 1 path=C:\Users\ethma\Documents\Ethan_work\home\Ethan_codes\Backdrop\build\Debug\Backdrop.exe.WebView2\EBWebView\Default lastActive=null
2026-08-25 15:38:53.475: [INFO] LastUsedProfileDir: C:\Users\ethma\Documents\Ethan_work\home\Ethan_codes\Backdrop\build\Debug\Backdrop.exe.WebView2\EBWebView\Default
2026-08-25 15:38:53.475: [INFO] OnDoneLoading sync enabled: 0
2026-08-25 15:38:53.475: [INFO] BookmarkModelLoaded, ids_reassigned: 0
2026-08-25 15:38:53.475: [INFO] BookmarksLoadDropped droppedNodes=0
2026-08-25 15:38:53.475: [INFO] BookmarksSnapshot Startup total=0 bar=0 other=0 mobile=0 showBar=0 showBarNTP=1
2026-08-25 15:39:37.250: [INFO] BookmarksSnapshot Shutdown total=0 bar=0 other=0 mobile=0 showBar=0 showBarNTP=1
2026-08-25 15:45:02.505: [INFO] CurrentProfilePath: C:\Users\ethma\Documents\Ethan_work\home\Ethan_codes\Backdrop\build\Debug\Backdrop.exe.WebView2\EBWebView\Default
2026-08-25 15:45:02.505: [INFO] Profiles total count: 1
2026-08-25 15:45:02.505: [INFO] Profile: name=Profile 1 path=C:\Users\ethma\Documents\Ethan_work\home\Ethan_codes\Backdrop\build\Debug\Backdrop.exe.WebView2\EBWebView\Default lastActive=2026-08-25T15:39:34.858Z
2026-08-25 15:45:02.505: [INFO] LastUsedProfileDir: C:\Users\ethma\Documents\Ethan_work\home\Ethan_codes\Backdrop\build\Debug\Backdrop.exe.WebView2\EBWebView\Default
2026-08-25 15:45:02.505: [INFO] MostRecentlyActiveProfile: name=Profile 1 path=C:\Users\ethma\Documents\Ethan_work\home\Ethan_codes\Backdrop\build\Debug\Backdrop.exe.WebView2\EBWebView\Default lastActive=2026-08-25T15:39:34.858Z
2026-08-25 15:45:02.505: [INFO] OnDoneLoading sync enabled: 0
2026-08-25 15:45:02.505: [INFO] BookmarkModelLoaded, ids_reassigned: 0
2026-08-25 15:45:02.505: [INFO] BookmarksLoadDropped droppedNodes=0
2026-08-25 15:45:02.505: [INFO] BookmarksSnapshot Startup total=0 bar=0 other=0 mobile=0 showBar=0 showBarNTP=1
2026-08-25 15:45:05.380: [INFO] BookmarksSnapshot Shutdown total=0 bar=0 other=0 mobile=0 showBar=0 showBarNTP=1
2026-08-25 15:45:38.633: [INFO] CurrentProfilePath: C:\Users\ethma\Documents\Ethan_work\home\Ethan_codes\Backdrop\build\Debug\Backdrop.exe.WebView2\EBWebView\Default
2026-08-25 15:45:38.633: [INFO] Profiles total count: 1
2026-08-25 15:45:38.634: [INFO] Profile: name=Profile 1 path=C:\Users\ethma\Documents\Ethan_work\home\Ethan_codes\Backdrop\build\Debug\Backdrop.exe.WebView2\EBWebView\Default lastActive=2026-08-25T15:39:34.858Z
2026-08-25 15:45:38.634: [INFO] LastUsedProfileDir: C:\Users\ethma\Documents\Ethan_work\home\Ethan_codes\Backdrop\build\Debug\Backdrop.exe.WebView2\EBWebView\Default
2026-08-25 15:45:38.634: [INFO] MostRecentlyActiveProfile: name=Profile 1 path=C:\Users\ethma\Documents\Ethan_work\home\Ethan_codes\Backdrop\build\Debug\Backdrop.exe.WebView2\EBWebView\Default lastActive=2026-08-25T15:39:34.858Z
2026-08-25 15:45:38.634: [INFO] OnDoneLoading sync enabled: 0
2026-08-25 15:45:38.634: [INFO] BookmarkModelLoaded, ids_reassigned: 0
2026-08-25 15:45:38.634: [INFO] BookmarksLoadDropped droppedNodes=0
2026-08-25 15:45:38.634: [INFO] BookmarksSnapshot Startup total=0 bar=0 other=0 mobile=0 showBar=0 showBarNTP=1
2026-08-25 15:45:41.513: [INFO] BookmarksSnapshot Shutdown total=0 bar=0 other=0 mobile=0 showBar=0 showBarNTP=1
2026-08-26 02:18:55.322: [INFO] CurrentProfilePath: C:\Users\ethma\Documents\Ethan_work\home\Ethan_codes\Backdrop\build\Debug\Backdrop.exe.WebView2\EBWebView\Default
2026-08-26 02:18:55.322: [INFO] Profiles total count: 1
2026-08-26 02:18:55.323: [INFO] Profile: name=Profile 1 path=C:\Users\ethma\Documents\Ethan_work\home\Ethan_codes\Backdrop\build\Debug\Backdrop.exe.WebView2\EBWebView\Default lastActive=2026-08-25T15:39:34.858Z
2026-08-26 02:18:55.323: [INFO] LastUsedProfileDir: C:\Users\ethma\Documents\Ethan_work\home\Ethan_codes\Backdrop\build\Debug\Backdrop.exe.WebView2\EBWebView\Default
2026-08-26 02:18:55.324: [INFO] MostRecentlyActiveProfile: name=Profile 1 path=C:\Users\ethma\Documents\Ethan_work\home\Ethan_codes\Backdrop\build\Debug\Backdrop.exe.WebView2\EBWebView\Default lastActive=2026-08-25T15:39:34.858Z
2026-08-26 02:18:55.324: [INFO] OnDoneLoading sync enabled: 0
2026-08-26 02:18:55.324: [INFO] BookmarkModelLoaded, ids_reassigned: 0
2026-08-26 02:18:55.324: [INFO] BookmarksLoadDropped droppedNodes=0
2026-08-26 02:18:55.324: [INFO] BookmarksSnapshot Startup total=0 bar=0 other=0 mobile=0 showBar=0 showBarNTP=1
2026-08-26 02:19:02.248: [INFO] BookmarksSnapshot Shutdown total=0 bar=0 other=0 mobile=0 showBar=0 showBarNTP=1
2026-08-26 02:50:59.951: [INFO] CurrentProfilePath: C:\Users\ethma\Documents\Ethan_work\home\Ethan_codes\Backdrop\build\Debug\Backdrop.exe.WebView2\EBWebView\Default
2026-08-26 02:50:59.951: [INFO] Profiles total count: 1
2026-08-26 02:50:59.951: [INFO] Profile: name=Profile 1 path=C:\Users\ethma\Documents\Ethan_work\home\Ethan_codes\Backdrop\build\Debug\Backdrop.exe.WebView2\EBWebView\Default lastActive=2026-08-25T15:39:34.858Z
2026-08-26 02:50:59.951: [INFO] LastUsedProfileDir: C:\Users\ethma\Documents\Ethan_work\home\Ethan_codes\Backdrop\build\Debug\Backdrop.exe.WebView2\EBWebView\Default
2026-08-26 02:50:59.951: [INFO] MostRecentlyActiveProfile: name=Profile 1 path=C:\Users\ethma\Documents\Ethan_work\home\Ethan_codes\Backdrop\build\Debug\Backdrop.exe.WebView2\EBWebView\Default lastActive=2026-08-25T15:39:34.858Z
2026-08-26 02:50:59.951: [INFO] OnDoneLoading sync enabled: 0
2026-08-26 02:50:59.951: [INFO] BookmarkModelLoaded, ids_reassigned: 0
2026-08-26 02:50:59.951: [INFO] BookmarksLoadDropped droppedNodes=0
2026-08-26 02:50:59.951: [INFO] BookmarksSnapshot Startup total=0 bar=0 other=0 mobile=0 showBar=0 showBarNTP=1
2026-08-26 02:51:11.692: [INFO] BookmarksSnapshot Shutdown total=0 bar=0 other=0 mobile=0 showBar=0 showBarNTP=1
2026-08-26 02:53:04.843: [INFO] CurrentProfilePath: C:\Users\ethma\Documents\Ethan_work\home\Ethan_codes\Backdrop\build\Debug\Backdrop.exe.WebView2\EBWebView\Default
2026-08-26 02:53:04.843: [INFO] Profiles total count: 1
2026-08-26 02:53:04.844: [INFO] Profile: name=Profile 1 path=C:\Users\ethma\Documents\Ethan_work\home\Ethan_codes\Backdrop\build\Debug\Backdrop.exe.WebView2\EBWebView\Default lastActive=2026-08-26T02:51:01.868Z
2026-08-26 02:53:04.844: [INFO] LastUsedProfileDir: C:\Users\ethma\Documents\Ethan_work\home\Ethan_codes\Backdrop\build\Debug\Backdrop.exe.WebView2\EBWebView\Default
2026-08-26 02:53:04.844: [INFO] MostRecentlyActiveProfile: name=Profile 1 path=C:\Users\ethma\Documents\Ethan_work\home\Ethan_codes\Backdrop\build\Debug\Backdrop.exe.WebView2\EBWebView\Default lastActive=2026-08-26T02:51:01.868Z
2026-08-26 02:53:04.844: [INFO] OnDoneLoading sync enabled: 0
2026-08-26 02:53:04.844: [INFO] BookmarkModelLoaded, ids_reassigned: 0
2026-08-26 02:53:04.844: [INFO] BookmarksLoadDropped droppedNodes=0
2026-08-26 02:53:04.844: [INFO] BookmarksSnapshot Startup total=0 bar=0 other=0 mobile=0 showBar=0 showBarNTP=1
2026-08-26 02:53:15.055: [INFO] BookmarksSnapshot Shutdown total=0 bar=0 other=0 mobile=0 showBar=0 showBarNTP=1
2026-08-26 02:54:11.472: [INFO] CurrentProfilePath: C:\Users\ethma\Documents\Ethan_work\home\Ethan_codes\Backdrop\build\Debug\Backdrop.exe.WebView2\EBWebView\Default
2026-08-26 02:54:11.472: [INFO] Profiles total count: 1
2026-08-26 02:54:11.473: [INFO] Profile: name=Profile 1 path=C:\Users\ethma\Documents\Ethan_work\home\Ethan_codes\Backdrop\build\Debug\Backdrop.exe.WebView2\EBWebView\Default lastActive=2026-08-26T02:51:01.868Z
2026-08-26 02:54:11.473: [INFO] LastUsedProfileDir: C:\Users\ethma\Documents\Ethan_work\home\Ethan_codes\Backdrop\build\Debug\Backdrop.exe.WebView2\EBWebView\Default
2026-08-26 02:54:11.473: [INFO] MostRecentlyActiveProfile: name=Profile 1 path=C:\Users\ethma\Documents\Ethan_work\home\Ethan_codes\Backdrop\build\Debug\Backdrop.exe.WebView2\EBWebView\Default lastActive=2026-08-26T02:51:01.868Z
2026-08-26 02:54:11.473: [INFO] OnDoneLoading sync enabled: 0
2026-08-26 02:54:11.473: [INFO] BookmarkModelLoaded, ids_reassigned: 0
2026-08-26 02:54:11.473: [INFO] BookmarksLoadDropped droppedNodes=0
2026-08-26 02:54:11.473: [INFO] BookmarksSnapshot Startup total=0 bar=0 other=0 mobile=0 showBar=0 showBarNTP=1
2026-08-26 02:54:14.685: [INFO] BookmarksSnapshot Shutdown total=0 bar=0 other=0 mobile=0 showBar=0 showBarNTP=1
2026-08-26 02:54:57.723: [INFO] CurrentProfilePath: C:\Users\ethma\Documents\Ethan_work\home\Ethan_codes\Backdrop\build\Debug\Backdrop.exe.WebView2\EBWebView\Default
2026-08-26 02:54:57.723: [INFO] Profiles total count: 1
2026-08-26 02:54:57.723: [INFO] Profile: name=Profile 1 path=C:\Users\ethma\Documents\Ethan_work\home\Ethan_codes\Backdrop\build\Debug\Backdrop.exe.WebView2\EBWebView\Default lastActive=2026-08-26T02:51:01.868Z
2026-08-26 02:54:57.723: [INFO] LastUsedProfileDir: C:\Users\ethma\Documents\Ethan_work\home\Ethan_codes\Backdrop\build\Debug\Backdrop.exe.WebView2\EBWebView\Default
2026-08-26 02:54:57.723: [INFO] MostRecentlyActiveProfile: name=Profile 1 path=C:\Users\ethma\Documents\Ethan_work\home\Ethan_codes\Backdrop\build\Debug\Backdrop.exe.WebView2\EBWebView\Default lastActive=2026-08-26T02:51:01.868Z
2026-08-26 02:54:57.723: [INFO] OnDoneLoading sync enabled: 0
2026-08-26 02:54:57.723: [INFO] BookmarkModelLoaded, ids_reassigned: 0
2026-08-26 02:54:57.723: [INFO] BookmarksLoadDropped droppedNodes=0
2026-08-26 02:54:57.723: [INFO] BookmarksSnapshot Startup total=0 bar=0 other=0 mobile=0 showBar=0 showBarNTP=1
2026-08-26 02:55:00.917: [INFO] BookmarksSnapshot Shutdown total=0 bar=0 other=0 mobile=0 showBar=0 showBarNTP=1
2026-08-26 02:55:16.387: [INFO] CurrentProfilePath: C:\Users\ethma\Documents\Ethan_work\home\Ethan_codes\Backdrop\build\Debug\Backdrop.exe.WebView2\EBWebView\Default
2026-08-26 02:55:16.387: [INFO] Profiles total count: 1
2026-08-26 02:55:16.387: [INFO] Profile: name=Profile 1 path=C:\Users\ethma\Documents\Ethan_work\home\Ethan_codes\Backdrop\build\Debug\Backdrop.exe.WebView2\EBWebView\Default lastActive=2026-08-26T02:51:01.868Z
2026-08-26 02:55:16.387: [INFO] LastUsedProfileDir: C:\Users\ethma\Documents\Ethan_work\home\Ethan_codes\Backdrop\build\Debug\Backdrop.exe.WebView2\EBWebView\Default
2026-08-26 02:55:16.387: [INFO] MostRecentlyActiveProfile: name=Profile 1 path=C:\Users\ethma\Documents\Ethan_work\home\Ethan_codes\Backdrop\build\Debug\Backdrop.exe.WebView2\EBWebView\Default lastActive=2026-08-26T02:51:01.868Z
2026-08-26 02:55:16.387: [INFO] OnDoneLoading sync enabled: 0
2026-08-26 02:55:16.387: [INFO] BookmarkModelLoaded, ids_reassigned: 0
2026-08-26 02:55:16.387: [INFO] BookmarksLoadDropped droppedNodes=0
2026-08-26 02:55:16.387: [INFO] BookmarksSnapshot Startup total=0 bar=0 other=0 mobile=0 showBar=0 showBarNTP=1
2026-08-26 02:55:21.709: [INFO] BookmarksSnapshot Shutdown total=0 bar=0 other=0 mobile=0 showBar=0 showBarNTP=1
2026-08-26 22:47:51.520: [INFO] CurrentProfilePath: C:\Users\ethma\Documents\Ethan_work\home\Ethan_codes\Backdrop\build\Debug\Backdrop.exe.WebView2\EBWebView\Default
2026-08-26 22:47:51.520: [INFO] Profiles total count: 1
2026-08-26 22:47:51.521: [INFO] Profile: name=Profile 1 path=C:\Users\ethma\Documents\Ethan_work\home\Ethan_codes\Backdrop\build\Debug\Backdrop.exe.WebView2\EBWebView\Default lastActive=2026-08-26T02:51:01.868Z
2026-08-26 22:47:51.521: [INFO] LastUsedProfileDir: C:\Users\ethma\Documents\Ethan_work\home\Ethan_codes\Backdrop\build\Debug\Backdrop.exe.WebView2\EBWebView\Default
2026-08-26 22:47:51.521: [INFO] MostRecentlyActiveProfile: name=Profile 1 path=C:\Users\ethma\Documents\Ethan_work\home\Ethan_codes\Backdrop\build\Debug\Backdrop.exe.WebView2\EBWebView\Default lastActive=2026-08-26T02:51:01.868Z
2026-08-26 22:47:51.521: [INFO] OnDoneLoading sync enabled: 0
2026-08-26 22:47:51.521: [INFO] BookmarkModelLoaded, ids_reassigned: 0
2026-08-26 22:47:51.521: [INFO] BookmarksLoadDropped droppedNodes=0
2026-08-26 22:47:51.521: [INFO] BookmarksSnapshot Startup total=0 bar=0 other=0 mobile=0 showBar=0 showBarNTP=1
2026-08-26 22:47:55.241: [INFO] BookmarksSnapshot Shutdown total=0 bar=0 other=0 mobile=0 showBar=0 showBarNTP=1
2026-08-26 22:48:33.011: [INFO] CurrentProfilePath: C:\Users\ethma\Documents\Ethan_work\home\Ethan_codes\Backdrop\build\Debug\Backdrop.exe.WebView2\EBWebView\Default
2026-08-26 22:48:33.011: [INFO] Profiles total count: 1
2026-08-26 22:48:33.011: [INFO] Profile: name=Profile 1 path=C:\Users\ethma\Documents\Ethan_work\home\Ethan_codes\Backdrop\build\Debug\Backdrop.exe.WebView2\EBWebView\Default lastActive=2026-08-26T02:51:01.868Z
2026-08-26 22:48:33.011: [INFO] LastUsedProfileDir: C:\Users\ethma\Documents\Ethan_work\home\Ethan_codes\Backdrop\build\Debug\Backdrop.exe.WebView2\EBWebView\Default
2026-08-26 22:48:33.011: [INFO] MostRecentlyActiveProfile: name=Profile 1 path=C:\Users\ethma\Documents\Ethan_work\home\Ethan_codes\Backdrop\build\Debug\Backdrop.exe.WebView2\EBWebView\Default lastActive=2026-08-26T02:51:01.868Z
2026-08-26 22:48:33.011: [INFO] OnDoneLoading sync enabled: 0
2026-08-26 22:48:33.011: [INFO] BookmarkModelLoaded, ids_reassigned: 0
2026-08-26 22:48:33.011: [INFO] BookmarksLoadDropped droppedNodes=0
2026-08-26 22:48:33.011: [INFO] BookmarksSnapshot Startup total=0 bar=0 other=0 mobile=0 showBar=0 showBarNTP=1
2026-08-26 22:48:35.625: [INFO] BookmarksSnapshot Shutdown total=0 bar=0 other=0 mobile=0 showBar=0 showBarNTP=1
2026-08-26 22:50:57.297: [INFO] CurrentProfilePath: C:\Users\ethma\Documents\Ethan_work\home\Ethan_codes\Backdrop\build\Debug\Backdrop.exe.WebView2\EBWebView\Default
2026-08-26 22:50:57.297: [INFO] Profiles total count: 1
2026-08-26 22:50:57.297: [INFO] Profile: name=Profile 1 path=C:\Users\ethma\Documents\Ethan_work\home\Ethan_codes\Backdrop\build\Debug\Backdrop.exe.WebView2\EBWebView\Default lastActive=2026-08-26T02:51:01.868Z
2026-08-26 22:50:57.297: [INFO] LastUsedProfileDir: C:\Users\ethma\Documents\Ethan_work\home\Ethan_codes\Backdrop\build\Debug\Backdrop.exe.WebView2\EBWebView\Default
2026-08-26 22:50:57.297: [INFO] MostRecentlyActiveProfile: name=Profile 1 path=C:\Users\ethma\Documents\Ethan_work\home\Ethan_codes\Backdrop\build\Debug\Backdrop.exe.WebView2\EBWebView\Default lastActive=2026-08-26T02:51:01.868Z
2026-08-26 22:50:57.297: [INFO] OnDoneLoading sync enabled: 0
2026-08-26 22:50:57.297: [INFO] BookmarkModelLoaded, ids_reassigned: 0
2026-08-26 22:50:57.297: [INFO] BookmarksLoadDropped droppedNodes=0
2026-08-26 22:50:57.297: [INFO] BookmarksSnapshot Startup total=0 bar=0 other=0 mobile=0 showBar=0 showBarNTP=1
2026-08-26 22:51:29.049: [INFO] BookmarksSnapshot Shutdown total=0 bar=0 other=0 mobile=0 showBar=0 showBarNTP=1
2026-08-26 22:54:16.533: [INFO] CurrentProfilePath: C:\Users\ethma\Documents\Ethan_work\home\Ethan_codes\Backdrop\build\Debug\Backdrop.exe.WebView2\EBWebView\Default
2026-08-26 22:54:16.533: [INFO] Profiles total count: 1
2026-08-26 22:54:16.534: [INFO] Profile: name=Profile 1 path=C:\Users\ethma\Documents\Ethan_work\home\Ethan_codes\Backdrop\build\Debug\Backdrop.exe.WebView2\EBWebView\Default lastActive=2026-08-26T02:51:01.868Z
2026-08-26 22:54:16.534: [INFO] LastUsedProfileDir: C:\Users\ethma\Documents\Ethan_work\home\Ethan_codes\Backdrop\build\Debug\Backdrop.exe.WebView2\EBWebView\Default
2026-08-26 22:54:16.534: [INFO] MostRecentlyActiveProfile: name=Profile 1 path=C:\Users\ethma\Documents\Ethan_work\home\Ethan_codes\Backdrop\build\Debug\Backdrop.exe.WebView2\EBWebView\Default lastActive=2026-08-26T02:51:01.868Z
2026-08-26 22:54:16.534: [INFO] OnDoneLoading sync enabled: 0
2026-08-26 22:54:16.534: [INFO] BookmarkModelLoaded, ids_reassigned: 0
2026-08-26 22:54:16.534: [INFO] BookmarksLoadDropped droppedNodes=0
2026-08-26 22:54:16.534: [INFO] BookmarksSnapshot Startup total=0 bar=0 other=0 mobile=0 showBar=0 showBarNTP=1
2026-08-26 22:55:00.374: [INFO] BookmarksSnapshot Shutdown total=0 bar=0 other=0 mobile=0 showBar=0 showBarNTP=1
2026-08-26 22:57:40.317: [INFO] CurrentProfilePath: C:\Users\ethma\Documents\Ethan_work\home\Ethan_codes\Backdrop\build\Debug\Backdrop.exe.WebView2\EBWebView\Default
2026-08-26 22:57:40.317: [INFO] Profiles total count: 1
2026-08-26 22:57:40.318: [INFO] Profile: name=Profile 1 path=C:\Users\ethma\Documents\Ethan_work\home\Ethan_codes\Backdrop\build\Debug\Backdrop.exe.WebView2\EBWebView\Default lastActive=2026-08-26T22:54:52.726Z
2026-08-26 22:57:40.318: [INFO] LastUsedProfileDir: C:\Users\ethma\Documents\Ethan_work\home\Ethan_codes\Backdrop\build\Debug\Backdrop.exe.WebView2\EBWebView\Default
2026-08-26 22:57:40.318: [INFO] MostRecentlyActiveProfile: name=Profile 1 path=C:\Users\ethma\Documents\Ethan_work\home\Ethan_codes\Backdrop\build\Debug\Backdrop.exe.WebView2\EBWebView\Default lastActive=2026-08-26T22:54:52.726Z
2026-08-26 22:57:40.318: [INFO] OnDoneLoading sync enabled: 0
2026-08-26 22:57:40.318: [INFO] BookmarkModelLoaded, ids_reassigned: 0
2026-08-26 22:57:40.318: [INFO] BookmarksLoadDropped droppedNodes=0
2026-08-26 22:57:40.318: [INFO] BookmarksSnapshot Startup total=0 bar=0 other=0 mobile=0 showBar=0 showBarNTP=1
2026-08-26 22:57:46.042: [INFO] BookmarksSnapshot Shutdown total=0 bar=0 other=0 mobile=0 showBar=0 showBarNTP=1
2026-08-26 23:21:20.915: [INFO] CurrentProfilePath: C:\Users\ethma\Documents\Ethan_work\home\Ethan_codes\Backdrop\build\Debug\Backdrop.exe.WebView2\EBWebView\Default
2026-08-26 23:21:20.915: [INFO] Profiles total count: 1
2026-08-26 23:21:20.915: [INFO] Profile: name=Profile 1 path=C:\Users\ethma\Documents\Ethan_work\home\Ethan_codes\Backdrop\build\Debug\Backdrop.exe.WebView2\EBWebView\Default lastActive=2026-08-26T22:54:52.726Z
2026-08-26 23:21:20.915: [INFO] LastUsedProfileDir: C:\Users\ethma\Documents\Ethan_work\home\Ethan_codes\Backdrop\build\Debug\Backdrop.exe.WebView2\EBWebView\Default
2026-08-26 23:21:20.915: [INFO] MostRecentlyActiveProfile: name=Profile 1 path=C:\Users\ethma\Documents\Ethan_work\home\Ethan_codes\Backdrop\build\Debug\Backdrop.exe.WebView2\EBWebView\Default lastActive=2026-08-26T22:54:52.726Z
2026-08-26 23:21:20.915: [INFO] OnDoneLoading sync enabled: 0
2026-08-26 23:21:20.915: [INFO] BookmarkModelLoaded, ids_reassigned: 0
2026-08-26 23:21:20.915: [INFO] BookmarksLoadDropped droppedNodes=0
2026-08-26 23:21:20.915: [INFO] BookmarksSnapshot Startup total=0 bar=0 other=0 mobile=0 showBar=0 showBarNTP=1
2026-08-26 23:21:30.523: [INFO] BookmarksSnapshot Shutdown total=0 bar=0 other=0 mobile=0 showBar=0 showBarNTP=1
2026-08-26 23:23:38.220: [INFO] CurrentProfilePath: C:\Users\ethma\Documents\Ethan_work\home\Ethan_codes\Backdrop\build\Debug\Backdrop.exe.WebView2\EBWebView\Default
2026-08-26 23:23:38.220: [INFO] Profiles total count: 1
2026-08-26 23:23:38.220: [INFO] Profile: name=Profile 1 path=C:\Users\ethma\Documents\Ethan_work\home\Ethan_codes\Backdrop\build\Debug\Backdrop.exe.WebView2\EBWebView\Default lastActive=2026-08-26T22:54:52.726Z
2026-08-26 23:23:38.220: [INFO] LastUsedProfileDir: C:\Users\ethma\Documents\Ethan_work\home\Ethan_codes\Backdrop\build\Debug\Backdrop.exe.WebView2\EBWebView\Default
2026-08-26 23:23:38.220: [INFO] MostRecentlyActiveProfile: name=Profile 1 path=C:\Users\ethma\Documents\Ethan_work\home\Ethan_codes\Backdrop\build\Debug\Backdrop.exe.WebView2\EBWebView\Default lastActive=2026-08-26T22:54:52.726Z
2026-08-26 23:23:38.220: [INFO] OnDoneLoading sync enabled: 0
2026-08-26 23:23:38.220: [INFO] BookmarkModelLoaded, ids_reassigned: 0
2026-08-26 23:23:38.220: [INFO] BookmarksLoadDropped droppedNodes=0
2026-08-26 23:23:38.220: [INFO] BookmarksSnapshot Startup total=0 bar=0 other=0 mobile=0 showBar=0 showBarNTP=1
2026-08-26 23:24:01.648: [INFO] BookmarksSnapshot Shutdown total=0 bar=0 other=0 mobile=0 showBar=0 showBarNTP=1
