c:\users\ethma\source\repos\backdrop\backdrop\debug\vc145.pdb
c:\users\ethma\source\repos\backdrop\backdrop\debug\vc145.idb
c:\users\ethma\source\repos\backdrop\backdrop\debug\backdrop.obj
c:\users\ethma\source\repos\backdrop\backdrop\debug\backdrop.res
c:\users\ethma\source\repos\backdrop\backdrop\debug\backdrop.ilk
c:\users\ethma\source\repos\backdrop\debug\backdrop.pdb
c:\users\ethma\source\repos\backdrop\debug\backdrop.ilk
c:\users\ethma\source\repos\backdrop\backdrop\debug\backdrop.tlog\cl.command.1.tlog
c:\users\ethma\source\repos\backdrop\backdrop\debug\backdrop.tlog\cl.items.tlog
c:\users\ethma\source\repos\backdrop\backdrop\debug\backdrop.tlog\cl.read.1.tlog
c:\users\ethma\source\repos\backdrop\backdrop\debug\backdrop.tlog\cl.write.1.tlog
c:\users\ethma\source\repos\backdrop\backdrop\debug\backdrop.tlog\link-cvtres.read.1.tlog
c:\users\ethma\source\repos\backdrop\backdrop\debug\backdrop.tlog\link-cvtres.write.1.tlog
c:\users\ethma\source\repos\backdrop\backdrop\debug\backdrop.tlog\link-mt.read.1.tlog
c:\users\ethma\source\repos\backdrop\backdrop\debug\backdrop.tlog\link-mt.write.1.tlog
c:\users\ethma\source\repos\backdrop\backdrop\debug\backdrop.tlog\link-rc.read.1.tlog
c:\users\ethma\source\repos\backdrop\backdrop\debug\backdrop.tlog\link-rc.write.1.tlog
c:\users\ethma\source\repos\backdrop\backdrop\debug\backdrop.tlog\link.25828-cvtres.read.1.tlog
c:\users\ethma\source\repos\backdrop\backdrop\debug\backdrop.tlog\link.25828-cvtres.write.1.tlog
c:\users\ethma\source\repos\backdrop\backdrop\debug\backdrop.tlog\link.25828-mt.read.1.tlog
c:\users\ethma\source\repos\backdrop\backdrop\debug\backdrop.tlog\link.25828-mt.write.1.tlog
c:\users\ethma\source\repos\backdrop\backdrop\debug\backdrop.tlog\link.25828-rc.read.1.tlog
c:\users\ethma\source\repos\backdrop\backdrop\debug\backdrop.tlog\link.25828-rc.write.1.tlog
c:\users\ethma\source\repos\backdrop\backdrop\debug\backdrop.tlog\link.25828.read.1.tlog
c:\users\ethma\source\repos\backdrop\backdrop\debug\backdrop.tlog\link.25828.write.1.tlog
c:\users\ethma\source\repos\backdrop\backdrop\debug\backdrop.tlog\link.command.1.tlog
c:\users\ethma\source\repos\backdrop\backdrop\debug\backdrop.tlog\link.read.1.tlog
c:\users\ethma\source\repos\backdrop\backdrop\debug\backdrop.tlog\link.secondary.1.tlog
c:\users\ethma\source\repos\backdrop\backdrop\debug\backdrop.tlog\link.write.1.tlog
c:\users\ethma\source\repos\backdrop\backdrop\debug\backdrop.tlog\rc.command.1.tlog
c:\users\ethma\source\repos\backdrop\backdrop\debug\backdrop.tlog\rc.read.1.tlog
c:\users\ethma\source\repos\backdrop\backdrop\debug\backdrop.tlog\rc.write.1.tlog
